// Jest Snapshot v1, https://goo.gl/fbAQLP

exports[`Pruebas de <GifExpertApp /> Debe de aparecer la nueva categoria en pantalla si se a√±ade 1`] = `
<div>
  <h1>
    GifExpertApp
  </h1>
  <form
    aria-label="form"
  >
    <input
      placeholder="Buscar gifs"
      type="text"
      value=""
    />
  </form>
  <h3>
    Categoria
  </h3>
  <h2>
    Cargando...
  </h2>
  <div
    class="card-grid"
  />
  <h3 />
  <h2>
    Cargando...
  </h2>
  <div
    class="card-grid"
  />
</div>
`;
